\BOOKMARK [1][-]{section.1}{\376\377\000P\000a\000r\000t\000\040\0001\000:\000\040\000S\000p\000a\000r\000s\000e\000\040\000R\000e\000c\000o\000n\000s\000t\000r\000u\000c\000t\000i\000o\000n}{}% 1
\BOOKMARK [2][-]{subsection.1.1}{\376\377\000E\000i\000g\000h\000t\000-\000P\000o\000i\000n\000t\000\040\000A\000l\000g\000o\000r\000i\000t\000h\000m}{section.1}% 2
\BOOKMARK [3][-]{subsubsection.1.1.1}{\376\377\000T\000h\000e\000o\000r\000y\000\040\000a\000n\000d\000\040\000I\000m\000p\000l\000e\000m\000e\000n\000t\000a\000t\000i\000o\000n}{subsection.1.1}% 3
\BOOKMARK [3][-]{subsubsection.1.1.2}{\376\377\000R\000e\000s\000u\000l\000t\000s}{subsection.1.1}% 4
\BOOKMARK [2][-]{subsection.1.2}{\376\377\000E\000p\000i\000p\000o\000l\000a\000r\000\040\000C\000o\000r\000r\000e\000s\000p\000o\000n\000d\000e\000n\000c\000e\000s}{section.1}% 5
\BOOKMARK [3][-]{subsubsection.1.2.1}{\376\377\000T\000h\000e\000o\000r\000y\000\040\000a\000n\000d\000\040\000I\000m\000p\000l\000e\000m\000e\000n\000t\000a\000t\000i\000o\000n}{subsection.1.2}% 6
\BOOKMARK [3][-]{subsubsection.1.2.2}{\376\377\000R\000e\000s\000u\000l\000t\000s}{subsection.1.2}% 7
\BOOKMARK [2][-]{subsection.1.3}{\376\377\000E\000s\000s\000e\000n\000t\000i\000a\000l\000\040\000M\000a\000t\000r\000i\000x}{section.1}% 8
\BOOKMARK [3][-]{subsubsection.1.3.1}{\376\377\000T\000h\000e\000o\000r\000y\000\040\000a\000n\000d\000\040\000I\000m\000p\000l\000e\000m\000e\000n\000t\000a\000t\000i\000o\000n}{subsection.1.3}% 9
\BOOKMARK [3][-]{subsubsection.1.3.2}{\376\377\000R\000e\000s\000u\000l\000t\000s}{subsection.1.3}% 10
\BOOKMARK [2][-]{subsection.1.4}{\376\377\000T\000r\000i\000a\000n\000g\000u\000l\000a\000t\000i\000o\000n}{section.1}% 11
\BOOKMARK [3][-]{subsubsection.1.4.1}{\376\377\000T\000h\000e\000o\000r\000y\000\040\000a\000n\000d\000\040\000I\000m\000p\000l\000e\000m\000e\000n\000t\000a\000t\000i\000o\000n}{subsection.1.4}% 12
\BOOKMARK [3][-]{subsubsection.1.4.2}{\376\377\000R\000e\000-\000p\000r\000o\000j\000e\000c\000t\000i\000o\000n\000\040\000E\000r\000r\000o\000r}{subsection.1.4}% 13
\BOOKMARK [2][-]{subsection.1.5}{\376\377\000P\000u\000t\000t\000i\000n\000g\000\040\000I\000t\000\040\000A\000l\000l\000\040\000T\000o\000g\000e\000t\000h\000e\000r\000:\000\040\000F\000i\000n\000a\000l\000\040\000R\000e\000c\000o\000n\000s\000t\000r\000u\000c\000t\000i\000o\000n}{section.1}% 14
\BOOKMARK [3][-]{subsubsection.1.5.1}{\376\377\000R\000e\000s\000u\000l\000t\000s}{subsection.1.5}% 15
\BOOKMARK [1][-]{section.2}{\376\377\000P\000a\000r\000t\000\040\0002\000:\000\040\000P\000o\000s\000e\000\040\000E\000s\000t\000i\000m\000a\000t\000i\000o\000n}{}% 16
\BOOKMARK [2][-]{subsection.2.1}{\376\377\000E\000s\000t\000i\000m\000a\000t\000i\000n\000g\000\040\000M}{section.2}% 17
\BOOKMARK [3][-]{subsubsection.2.1.1}{\376\377\000T\000h\000e\000o\000r\000y\000\040\000a\000n\000d\000\040\000I\000m\000p\000l\000e\000m\000e\000n\000t\000a\000t\000i\000o\000n}{subsection.2.1}% 18
\BOOKMARK [3][-]{subsubsection.2.1.2}{\376\377\000R\000e\000s\000u\000l\000t\000s}{subsection.2.1}% 19
\BOOKMARK [2][-]{subsection.2.2}{\376\377\000I\000n\000t\000r\000i\000n\000s\000i\000c\000/\000E\000x\000t\000r\000i\000n\000s\000i\000c\000\040\000P\000a\000r\000a\000m\000e\000t\000e\000r\000s}{section.2}% 20
\BOOKMARK [3][-]{subsubsection.2.2.1}{\376\377\000T\000h\000e\000o\000r\000y\000\040\000a\000n\000d\000\040\000I\000m\000p\000l\000e\000m\000e\000n\000t\000a\000t\000i\000o\000n}{subsection.2.2}% 21
\BOOKMARK [3][-]{subsubsection.2.2.2}{\376\377\000R\000e\000s\000u\000l\000t\000s}{subsection.2.2}% 22
\BOOKMARK [2][-]{subsection.2.3}{\376\377\000V\000i\000s\000u\000a\000l\000i\000z\000i\000n\000g\000\040\000P\000r\000o\000j\000e\000c\000t\000i\000o\000n\000\040\000o\000f\000\040\000a\000\040\000C\000A\000D\000\040\000M\000o\000d\000e\000l}{section.2}% 23
\BOOKMARK [3][-]{subsubsection.2.3.1}{\376\377\000R\000e\000s\000u\000l\000t\000s}{subsection.2.3}% 24
